// Vitest Snapshot v1, https://vitest.dev/guide/snapshot.html

exports[`styled > renders style tag in head 1`] = `".j1dqz { color: red; }"`;

exports[`styled > renders style tag in head 2`] = `".jyt81 { gap: var(--j-spaces-md); }"`;
